// Jest Snapshot v1, https://goo.gl/fbAQLP

exports[`creates an imageNode object 1`] = `
Object {
  "breakpoints": Array [
    1920,
    960,
    480,
  ],
  "cloudName": "cloudName",
  "id": "createNodeId",
  "internal": Object {
    "contentDigest": "createContentDigest",
    "type": "CloudinaryAsset",
  },
  "originalHeight": 1080,
  "originalWidth": 1920,
  "parent": "abc-123",
  "public_id": "public_id",
  "version": 123456789,
}
`;
